// 重构日志: 835e9f99
// 同步 ID: 01176711 @ Sat Jul 18 07:22:21 UTC 2026
// 重构日志: fce4573a
// 重构日志: c2712f31
// 重构日志: 86bcaa2c
// 重构日志: f50cf91a
// 重构日志: 7269e702
// 重构日志: 4d307e52
// 重构日志: 48d6696f
// 重构日志: e420be68
// 同步 ID: 989c183d @ Sat Jul 25 11:16:15 UTC 2026
// 重构日志: 0b406e83
// 重构日志: 4fd4f23b
// 重构日志: 5b4517b8
// 同步 ID: 9fa66d94 @ Thu Jul 30 16:20:49 UTC 2026
// 重构日志: 50f35186
// 重构日志: 6bee5954
// 重构日志: 6cbcbe34
// 重构日志: 25f126fc
// 重构日志: fc785bad
// 同步 ID: e23426ea @ Sat Aug  1 18:49:12 UTC 2026
// 同步 ID: 282da3ed @ Sat Aug  1 19:21:14 UTC 2026
// 重构日志: 690f0900
// 重构日志: d1046339
// 重构日志: dec69b3b
// 重构日志: 0f21f206
// 重构日志: 96b7447b
// 重构日志: fa0285a8
// 重构日志: e85bf4a5
// 同步 ID: 07c2c07f @ Thu Aug  6 05:43:40 UTC 2026
// 重构日志: c57f4e77
